2026-09-17 16:47:45,754 [INFO] BusForge: ==================================================
2026-09-17 16:47:45,756 [INFO] BusForge: BusForge v0.1.0 - 总线分析与诊断工具
2026-09-17 16:47:45,756 [INFO] BusForge: ==================================================
2026-09-17 16:47:45,757 [INFO] BusForge: 配置已加载 (主题: dark)
2026-09-17 16:47:45,903 [INFO] app.core.ui_settings: UISettings 已绑定 (语言=zh_CN, 进制=hex)
2026-09-17 16:47:46,250 [INFO] app.ui.ads_manager: ADS DockManager已初始化
2026-09-17 16:47:46,750 [INFO] app.ui.busforge_widget: BusForgeWidget 已初始化
2026-09-17 16:47:46,769 [INFO] app.ui.main_window: 主窗口已初始化
2026-09-17 16:47:46,867 [INFO] BusForge: 应用已启动
2026-09-17 16:47:46,869 [INFO] app.core.workspace: 工作空间已读取: 2 个项目
2026-09-17 16:47:46,870 [INFO] app.core.device_manager: 工程设备池已注册: 3849a141c009
2026-09-17 16:47:46,870 [INFO] app.core.device_manager: 工程定义已导入: 3849a141c009 (1设备/3通道)
2026-09-17 16:47:47,011 [INFO] app.protocol.dbc_parser: DBC解析完成: IDCCIDC_CANFD.dbc - 153个报文, 4018个信号
2026-09-17 16:47:47,012 [INFO] app.core.data_hub: 通道 CAN1 追加DBC: IDCCIDC_CANFD (153报文/4018信号, 共1个)
2026-09-17 16:47:47,013 [INFO] app.core.device_manager: 工程设备池已注册: 3fee30fdc1db
2026-09-17 16:47:47,013 [INFO] app.core.device_manager: 工程定义已导入: 3fee30fdc1db (1设备/1通道)
2026-09-17 16:47:47,014 [INFO] app.core.device_manager: 活动工程已切换: 3849a141c009
2026-09-17 16:47:47,017 [INFO] app.core.workspace: 工作空间已保存: 2 个项目 (活动=0) -> D:\Code26\busforge\workspace.json
2026-09-17 16:47:47,017 [INFO] app.ui.busforge_widget: 已切换到项目 0
2026-09-17 16:47:47,072 [INFO] app.ui.busforge_widget: 面板已创建: Transmit_1 (transmit)
2026-09-17 16:47:47,101 [INFO] app.ui.busforge_widget: 面板已创建: Trace_1 (trace)
2026-09-17 16:47:47,129 [INFO] app.ui.busforge_widget: 面板已创建: Logger_1 (logger)
2026-09-17 16:47:47,129 [INFO] app.ui.project_tree: 会话已恢复: 2 个工程, 活动=0
